******************************************************************************
                  TI ARM Linker PC v18.12.2                    
******************************************************************************
>> Linked Tue Aug 12 03:58:31 2025

OUTPUT FILE NAME:   <blinky.out>
ENTRY POINT SYMBOL: "_c_int00_noinit_noargs"  address: 0000050d


MEMORY CONFIGURATION

         name            origin    length      used     unused   attr    fill
----------------------  --------  ---------  --------  --------  ----  --------
  FLASH                 00000000   00040000  0000056c  0003fa94  R  X
  SRAM                  20000000   00008000  00000200  00007e00  RW X


SEGMENT ALLOCATION MAP

run origin  load origin   length   init length attrs members
----------  ----------- ---------- ----------- ----- -------
00000000    00000000    0000056c   0000056c    r-x
  00000000    00000000    0000026c   0000026c    r-- .intvecs
  0000026c    0000026c    00000300   00000300    r-x .text
20000000    20000000    00000200   00000000    rw-
  20000000    20000000    00000200   00000000    rw- .stack


SECTION ALLOCATION MAP

 output                                  attributes/
section   page    origin      length       input sections
--------  ----  ----------  ----------   ----------------
.intvecs   0    00000000    0000026c     
                  00000000    0000026c     startup_ccs.obj (.intvecs)

.text      0    0000026c    00000300     
                  0000026c    0000016c     driverlib.lib : gpio.obj (.text:GPIOPadConfigSet)
                  000003d8    0000009c     blinky.obj (.text:main)
                  00000474    00000038     driverlib.lib : sysctl.obj (.text:SysCtlPeripheralReady)
                  000004ac    00000034                   : sysctl.obj (.text:SysCtlPeripheralEnable)
                  000004e0    0000002c                   : gpio.obj (.text:GPIODirModeSet)
                  0000050c    0000002c     rtsv7M4_T_le_v4SPD16_eabi.lib : boot_cortex_m.c.obj (.text:_c_int00_noinit_noargs:_c_int00_noinit_noargs)
                  00000538    0000001a     driverlib.lib : gpio.obj (.text:GPIOPinTypeGPIOOutput)
                  00000552    00000006                   : gpio.obj (.text:GPIOPinWrite)
                  00000558    00000006     startup_ccs.obj (.text:ResetISR)
                  0000055e    00000004     rtsv7M4_T_le_v4SPD16_eabi.lib : pre_init.c.obj (.text:_system_pre_init)
                  00000562    00000004                                   : exit.c.obj (.text:abort:abort)
                  00000566    00000002     startup_ccs.obj (.text:FaultISR)
                  00000568    00000002     startup_ccs.obj (.text:IntDefaultHandler)
                  0000056a    00000002     startup_ccs.obj (.text:NmiSR)

.cinit     0    00000000    00000000     UNINITIALIZED

.init_array 
*          0    00000000    00000000     UNINITIALIZED

.stack     0    20000000    00000200     UNINITIALIZED
                  20000000    00000004     rtsv7M4_T_le_v4SPD16_eabi.lib : boot_cortex_m.c.obj (.stack)
                  20000004    000001fc     --HOLE--

.binit     0    00000000    00000000     

MODULE SUMMARY

       Module                code   ro data   rw data
       ------                ----   -------   -------
    .\
       startup_ccs.obj       12     620       0      
       blinky.obj            156    0         0      
    +--+---------------------+------+---------+---------+
       Total:                168    620       0      
                                                     
    C:/ti/TivaWare_C_Series-2.2.0.295/driverlib/ccs/Debug/driverlib.lib
       gpio.obj              440    0         0      
       sysctl.obj            108    0         0      
    +--+---------------------+------+---------+---------+
       Total:                548    0         0      
                                                     
    C:\ti\ti-cgt-arm_18.12.2.LTS\lib\rtsv7M4_T_le_v4SPD16_eabi.lib
       boot_cortex_m.c.obj   44     0         0      
       exit.c.obj            4      0         0      
       pre_init.c.obj        4      0         0      
    +--+---------------------+------+---------+---------+
       Total:                52     0         0      
                                                     
       Stack:                0      0         512    
    +--+---------------------+------+---------+---------+
       Grand Total:          768    620       512    


GLOBAL SYMBOLS: SORTED ALPHABETICALLY BY Name 

address   name                  
-------   ----                  
00000563  C$$EXIT               
000004e1  GPIODirModeSet        
0000026d  GPIOPadConfigSet      
00000539  GPIOPinTypeGPIOOutput 
00000553  GPIOPinWrite          
00000559  ResetISR              
000004ad  SysCtlPeripheralEnable
00000475  SysCtlPeripheralReady 
20000200  __STACK_END           
00000200  __STACK_SIZE          
20000200  __STACK_TOP           
ffffffff  __TI_pprof_out_hndl   
ffffffff  __TI_prof_data_size   
ffffffff  __TI_prof_data_start  
00000000  __TI_static_base__    
ffffffff  __binit__             
ffffffff  __c_args__            
UNDEFED   __mpu_init            
20000000  __stack               
0000050d  _c_int00_noinit_noargs
0000055f  _system_pre_init      
00000563  abort                 
ffffffff  binit                 
00000000  g_pfnVectors          
000003d9  main                  


GLOBAL SYMBOLS: SORTED BY Symbol Address 

address   name                  
-------   ----                  
00000000  __TI_static_base__    
00000000  g_pfnVectors          
00000200  __STACK_SIZE          
0000026d  GPIOPadConfigSet      
000003d9  main                  
00000475  SysCtlPeripheralReady 
000004ad  SysCtlPeripheralEnable
000004e1  GPIODirModeSet        
0000050d  _c_int00_noinit_noargs
00000539  GPIOPinTypeGPIOOutput 
00000553  GPIOPinWrite          
00000559  ResetISR              
0000055f  _system_pre_init      
00000563  C$$EXIT               
00000563  abort                 
20000000  __stack               
20000200  __STACK_END           
20000200  __STACK_TOP           
ffffffff  __TI_pprof_out_hndl   
ffffffff  __TI_prof_data_size   
ffffffff  __TI_prof_data_start  
ffffffff  __binit__             
ffffffff  __c_args__            
ffffffff  binit                 
UNDEFED   __mpu_init            

[25 symbols]
