******************************************************************************
                  TI ARM Linker PC v18.12.2                    
******************************************************************************
>> Linked Tue Aug 12 17:21:27 2025

OUTPUT FILE NAME:   <Button_Driver.out>
ENTRY POINT SYMBOL: "_c_int00_noinit_noargs"  address: 00000591


MEMORY CONFIGURATION

         name            origin    length      used     unused   attr    fill
----------------------  --------  ---------  --------  --------  ----  --------
  FLASH                 00000000   00040000  0000063c  0003f9c4  R  X
  SRAM                  20000000   00008000  00000200  00007e00  RW X


SEGMENT ALLOCATION MAP

run origin  load origin   length   init length attrs members
----------  ----------- ---------- ----------- ----- -------
00000000    00000000    0000063c   0000063c    r-x
  00000000    00000000    0000026c   0000026c    r-- .intvecs
  0000026c    0000026c    000003d0   000003d0    r-x .text
20000000    20000000    00000200   00000000    rw-
  20000000    20000000    00000200   00000000    rw- .stack


SECTION ALLOCATION MAP

 output                                  attributes/
section   page    origin      length       input sections
--------  ----  ----------  ----------   ----------------
.intvecs   0    00000000    0000026c     
                  00000000    0000026c     startup_ccs.obj (.intvecs)

.text      0    0000026c    000003d0     
                  0000026c    0000016c     driverlib.lib : gpio.obj (.text:GPIOPadConfigSet)
                  000003d8    0000008c     main.obj (.text:main)
                  00000464    00000060     Switch_Driver.obj (.text:Switch_init)
                  000004c4    00000038     driverlib.lib : sysctl.obj (.text:SysCtlPeripheralReady)
                  000004fc    00000034                   : sysctl.obj (.text:SysCtlPeripheralEnable)
                  00000530    00000034     Switch_Driver.obj (.text:switch2_init)
                  00000564    0000002c     driverlib.lib : gpio.obj (.text:GPIODirModeSet)
                  00000590    0000002c     rtsv7M4_T_le_v4SPD16_eabi.lib : boot_cortex_m.c.obj (.text:_c_int00_noinit_noargs:_c_int00_noinit_noargs)
                  000005bc    0000001a     driverlib.lib : gpio.obj (.text:GPIOPinTypeGPIOOutput)
                  000005d6    00000002     startup_ccs.obj (.text:FaultISR)
                  000005d8    00000018     Switch_Driver.obj (.text:Switch0_Read)
                  000005f0    00000018     Switch_Driver.obj (.text:Switch1_Read)
                  00000608    00000016     driverlib.lib : gpio.obj (.text:GPIOPinTypeGPIOInput)
                  0000061e    00000006                   : gpio.obj (.text:GPIOPinRead)
                  00000624    00000006                   : gpio.obj (.text:GPIOPinWrite)
                  0000062a    00000006     startup_ccs.obj (.text:ResetISR)
                  00000630    00000004     rtsv7M4_T_le_v4SPD16_eabi.lib : pre_init.c.obj (.text:_system_pre_init)
                  00000634    00000004                                   : exit.c.obj (.text:abort:abort)
                  00000638    00000002     startup_ccs.obj (.text:IntDefaultHandler)
                  0000063a    00000002     startup_ccs.obj (.text:NmiSR)

.cinit     0    00000000    00000000     UNINITIALIZED

.init_array 
*          0    00000000    00000000     UNINITIALIZED

.stack     0    20000000    00000200     UNINITIALIZED
                  20000000    00000004     rtsv7M4_T_le_v4SPD16_eabi.lib : boot_cortex_m.c.obj (.stack)
                  20000004    000001fc     --HOLE--

.binit     0    00000000    00000000     

MODULE SUMMARY

       Module                code   ro data   rw data
       ------                ----   -------   -------
    .\
       startup_ccs.obj       12     620       0      
       main.obj              140    0         0      
    +--+---------------------+------+---------+---------+
       Total:                152    620       0      
                                                     
    .\Switch_Driver\src\
       Switch_Driver.obj     196    0         0      
    +--+---------------------+------+---------+---------+
       Total:                196    0         0      
                                                     
    C:/ti/TivaWare_C_Series-2.2.0.295/driverlib/ccs/Debug/driverlib.lib
       gpio.obj              468    0         0      
       sysctl.obj            108    0         0      
    +--+---------------------+------+---------+---------+
       Total:                576    0         0      
                                                     
    C:\ti\ti-cgt-arm_18.12.2.LTS\lib\rtsv7M4_T_le_v4SPD16_eabi.lib
       boot_cortex_m.c.obj   44     0         0      
       exit.c.obj            4      0         0      
       pre_init.c.obj        4      0         0      
    +--+---------------------+------+---------+---------+
       Total:                52     0         0      
                                                     
       Stack:                0      0         512    
    +--+---------------------+------+---------+---------+
       Grand Total:          976    620       512    


GLOBAL SYMBOLS: SORTED ALPHABETICALLY BY Name 

address   name                  
-------   ----                  
00000635  C$$EXIT               
00000565  GPIODirModeSet        
0000026d  GPIOPadConfigSet      
0000061f  GPIOPinRead           
00000609  GPIOPinTypeGPIOInput  
000005bd  GPIOPinTypeGPIOOutput 
00000625  GPIOPinWrite          
0000062b  ResetISR              
000005d9  Switch0_Read          
000005f1  Switch1_Read          
00000465  Switch_init           
000004fd  SysCtlPeripheralEnable
000004c5  SysCtlPeripheralReady 
20000200  __STACK_END           
00000200  __STACK_SIZE          
20000200  __STACK_TOP           
ffffffff  __TI_pprof_out_hndl   
ffffffff  __TI_prof_data_size   
ffffffff  __TI_prof_data_start  
00000000  __TI_static_base__    
ffffffff  __binit__             
ffffffff  __c_args__            
UNDEFED   __mpu_init            
20000000  __stack               
00000591  _c_int00_noinit_noargs
00000631  _system_pre_init      
00000635  abort                 
ffffffff  binit                 
00000000  g_pfnVectors          
000003d9  main                  
00000531  switch2_init          


GLOBAL SYMBOLS: SORTED BY Symbol Address 

address   name                  
-------   ----                  
00000000  __TI_static_base__    
00000000  g_pfnVectors          
00000200  __STACK_SIZE          
0000026d  GPIOPadConfigSet      
000003d9  main                  
00000465  Switch_init           
000004c5  SysCtlPeripheralReady 
000004fd  SysCtlPeripheralEnable
00000531  switch2_init          
00000565  GPIODirModeSet        
00000591  _c_int00_noinit_noargs
000005bd  GPIOPinTypeGPIOOutput 
000005d9  Switch0_Read          
000005f1  Switch1_Read          
00000609  GPIOPinTypeGPIOInput  
0000061f  GPIOPinRead           
00000625  GPIOPinWrite          
0000062b  ResetISR              
00000631  _system_pre_init      
00000635  C$$EXIT               
00000635  abort                 
20000000  __stack               
20000200  __STACK_END           
20000200  __STACK_TOP           
ffffffff  __TI_pprof_out_hndl   
ffffffff  __TI_prof_data_size   
ffffffff  __TI_prof_data_start  
ffffffff  __binit__             
ffffffff  __c_args__            
ffffffff  binit                 
UNDEFED   __mpu_init            

[31 symbols]
