******************************************************************************
                  TI ARM Linker PC v18.12.2                    
******************************************************************************
>> Linked Tue Aug 12 19:12:36 2025

OUTPUT FILE NAME:   <GPIO.out>
ENTRY POINT SYMBOL: "_c_int00_noargs"  address: 00000739


MEMORY CONFIGURATION

         name            origin    length      used     unused   attr    fill
----------------------  --------  ---------  --------  --------  ----  --------
  FLASH                 00000000   00040000  00000878  0003f788  R  X
  SRAM                  20000000   00008000  00000208  00007df8  RW X


SEGMENT ALLOCATION MAP

run origin  load origin   length   init length attrs members
----------  ----------- ---------- ----------- ----- -------
00000000    00000000    00000878   00000878    r-x
  00000000    00000000    0000026c   0000026c    r-- .intvecs
  0000026c    0000026c    000005ec   000005ec    r-x .text
  00000858    00000858    00000020   00000020    r-- .cinit
20000000    20000000    00000208   00000000    rw-
  20000000    20000000    00000200   00000000    rw- .stack
  20000200    20000200    00000008   00000000    rw- .data


SECTION ALLOCATION MAP

 output                                  attributes/
section   page    origin      length       input sections
--------  ----  ----------  ----------   ----------------
.intvecs   0    00000000    0000026c     
                  00000000    0000026c     startup_ccs.obj (.intvecs)

.text      0    0000026c    000005ec     
                  0000026c    0000016c     driverlib.lib : gpio.obj (.text:GPIOPadConfigSet)
                  000003d8    000000dc     DIO.obj (.text:Dio_WriteChannel)
                  000004b4    0000009c     rtsv7M4_T_le_v4SPD16_eabi.lib : memcpy_t2.asm.obj (.text)
                  00000550    00000070     main.obj (.text:main)
                  000005c0    00000068     rtsv7M4_T_le_v4SPD16_eabi.lib : copy_decompress_lzss.c.obj (.text:decompress:lzss:__TI_decompress_lzss)
                  00000628    00000060     Switch_Driver.obj (.text:Switch_init)
                  00000688    00000044     rtsv7M4_T_le_v4SPD16_eabi.lib : autoinit.c.obj (.text:__TI_auto_init_nobinit_nopinit:__TI_auto_init_nobinit_nopinit)
                  000006cc    00000038     driverlib.lib : sysctl.obj (.text:SysCtlPeripheralReady)
                  00000704    00000034                   : sysctl.obj (.text:SysCtlPeripheralEnable)
                  00000738    00000034     rtsv7M4_T_le_v4SPD16_eabi.lib : boot_cortex_m.c.obj (.text:_c_int00_noargs:_c_int00_noargs)
                  0000076c    00000034     Switch_Driver.obj (.text:switch2_init)
                  000007a0    0000002c     driverlib.lib : gpio.obj (.text:GPIODirModeSet)
                  000007cc    0000001a                   : gpio.obj (.text:GPIOPinTypeGPIOOutput)
                  000007e6    00000002     startup_ccs.obj (.text:FaultISR)
                  000007e8    00000018     Switch_Driver.obj (.text:Switch0_Read)
                  00000800    00000018     Switch_Driver.obj (.text:Switch1_Read)
                  00000818    00000016     driverlib.lib : gpio.obj (.text:GPIOPinTypeGPIOInput)
                  0000082e    0000000e     rtsv7M4_T_le_v4SPD16_eabi.lib : copy_decompress_none.c.obj (.text:decompress:none:__TI_decompress_none)
                  0000083c    00000006     driverlib.lib : gpio.obj (.text:GPIOPinRead)
                  00000842    00000006     startup_ccs.obj (.text:ResetISR)
                  00000848    00000004     Det.obj (.text:Det_ReportError)
                  0000084c    00000004     rtsv7M4_T_le_v4SPD16_eabi.lib : pre_init.c.obj (.text:_system_pre_init)
                  00000850    00000004                                   : exit.c.obj (.text:abort:abort)
                  00000854    00000002     startup_ccs.obj (.text:IntDefaultHandler)
                  00000856    00000002     startup_ccs.obj (.text:NmiSR)

.cinit     0    00000858    00000020     
                  00000858    0000000d     (.cinit..data.load) [load image, compression = lzss]
                  00000865    00000003     --HOLE-- [fill = 0]
                  00000868    00000008     (__TI_handler_table)
                  00000870    00000008     (__TI_cinit_table)

.init_array 
*          0    00000000    00000000     UNINITIALIZED

.data      0    20000200    00000008     UNINITIALIZED
                  20000200    00000008     Dio_Lcfg.obj (.data:Channels_Elements)

.stack     0    20000000    00000200     UNINITIALIZED
                  20000000    00000004     rtsv7M4_T_le_v4SPD16_eabi.lib : boot_cortex_m.c.obj (.stack)
                  20000004    000001fc     --HOLE--

.binit     0    00000000    00000000     

MODULE SUMMARY

       Module                       code   ro data   rw data
       ------                       ----   -------   -------
    .\
       startup_ccs.obj              12     620       0      
       main.obj                     112    0         0      
    +--+----------------------------+------+---------+---------+
       Total:                       124    620       0      
                                                            
    .\DIO\
       DIO.obj                      220    0         0      
       Dio_Lcfg.obj                 0      0         8      
    +--+----------------------------+------+---------+---------+
       Total:                       220    0         8      
                                                            
    .\Det\
       Det.obj                      4      0         0      
    +--+----------------------------+------+---------+---------+
       Total:                       4      0         0      
                                                            
    .\Switch_Driver\src\
       Switch_Driver.obj            196    0         0      
    +--+----------------------------+------+---------+---------+
       Total:                       196    0         0      
                                                            
    C:/ti/TivaWare_C_Series-2.2.0.295/driverlib/ccs/Debug/driverlib.lib
       gpio.obj                     462    0         0      
       sysctl.obj                   108    0         0      
    +--+----------------------------+------+---------+---------+
       Total:                       570    0         0      
                                                            
    C:\ti\ti-cgt-arm_18.12.2.LTS\lib\rtsv7M4_T_le_v4SPD16_eabi.lib
       memcpy_t2.asm.obj            156    0         0      
       copy_decompress_lzss.c.obj   104    0         0      
       autoinit.c.obj               68     0         0      
       boot_cortex_m.c.obj          52     0         0      
       copy_decompress_none.c.obj   14     0         0      
       exit.c.obj                   4      0         0      
       pre_init.c.obj               4      0         0      
    +--+----------------------------+------+---------+---------+
       Total:                       402    0         0      
                                                            
       Stack:                       0      0         512    
       Linker Generated:            0      29        0      
    +--+----------------------------+------+---------+---------+
       Grand Total:                 1516   649       520    


LINKER GENERATED COPY TABLES

__TI_cinit_table @ 00000870 records: 1, size/record: 8, table size: 8
	.data: load addr=00000858, load size=0000000d bytes, run addr=20000200, run size=00000008 bytes, compression=lzss


LINKER GENERATED HANDLER TABLE

__TI_handler_table @ 00000868 records: 2, size/record: 4, table size: 8
	index: 0, handler: __TI_decompress_lzss
	index: 1, handler: __TI_decompress_none


GLOBAL SYMBOLS: SORTED ALPHABETICALLY BY Name 

address   name                          
-------   ----                          
00000851  C$$EXIT                       
20000200  Channels_Elements             
00000849  Det_ReportError               
000003d9  Dio_WriteChannel              
000007a1  GPIODirModeSet                
0000026d  GPIOPadConfigSet              
0000083d  GPIOPinRead                   
00000819  GPIOPinTypeGPIOInput          
000007cd  GPIOPinTypeGPIOOutput         
00000843  ResetISR                      
000007e9  Switch0_Read                  
00000801  Switch1_Read                  
00000629  Switch_init                   
00000705  SysCtlPeripheralEnable        
000006cd  SysCtlPeripheralReady         
20000200  __STACK_END                   
00000200  __STACK_SIZE                  
20000200  __STACK_TOP                   
00000870  __TI_CINIT_Base               
00000878  __TI_CINIT_Limit              
00000868  __TI_Handler_Table_Base       
00000870  __TI_Handler_Table_Limit      
00000689  __TI_auto_init_nobinit_nopinit
000005c1  __TI_decompress_lzss          
0000082f  __TI_decompress_none          
ffffffff  __TI_pprof_out_hndl           
ffffffff  __TI_prof_data_size           
ffffffff  __TI_prof_data_start          
00000000  __TI_static_base__            
000004b5  __aeabi_memcpy                
000004b5  __aeabi_memcpy4               
000004b5  __aeabi_memcpy8               
ffffffff  __binit__                     
ffffffff  __c_args__                    
UNDEFED   __mpu_init                    
20000000  __stack                       
00000739  _c_int00_noargs               
UNDEFED   _system_post_cinit            
0000084d  _system_pre_init              
00000851  abort                         
ffffffff  binit                         
00000000  g_pfnVectors                  
00000551  main                          
000004b5  memcpy                        
0000076d  switch2_init                  


GLOBAL SYMBOLS: SORTED BY Symbol Address 

address   name                          
-------   ----                          
00000000  __TI_static_base__            
00000000  g_pfnVectors                  
00000200  __STACK_SIZE                  
0000026d  GPIOPadConfigSet              
000003d9  Dio_WriteChannel              
000004b5  __aeabi_memcpy                
000004b5  __aeabi_memcpy4               
000004b5  __aeabi_memcpy8               
000004b5  memcpy                        
00000551  main                          
000005c1  __TI_decompress_lzss          
00000629  Switch_init                   
00000689  __TI_auto_init_nobinit_nopinit
000006cd  SysCtlPeripheralReady         
00000705  SysCtlPeripheralEnable        
00000739  _c_int00_noargs               
0000076d  switch2_init                  
000007a1  GPIODirModeSet                
000007cd  GPIOPinTypeGPIOOutput         
000007e9  Switch0_Read                  
00000801  Switch1_Read                  
00000819  GPIOPinTypeGPIOInput          
0000082f  __TI_decompress_none          
0000083d  GPIOPinRead                   
00000843  ResetISR                      
00000849  Det_ReportError               
0000084d  _system_pre_init              
00000851  C$$EXIT                       
00000851  abort                         
00000868  __TI_Handler_Table_Base       
00000870  __TI_CINIT_Base               
00000870  __TI_Handler_Table_Limit      
00000878  __TI_CINIT_Limit              
20000000  __stack                       
20000200  Channels_Elements             
20000200  __STACK_END                   
20000200  __STACK_TOP                   
ffffffff  __TI_pprof_out_hndl           
ffffffff  __TI_prof_data_size           
ffffffff  __TI_prof_data_start          
ffffffff  __binit__                     
ffffffff  __c_args__                    
ffffffff  binit                         
UNDEFED   __mpu_init                    
UNDEFED   _system_post_cinit            

[45 symbols]
